EXECUTING PROGRAM :
0.0500000000000000
0.5500000000000000
0.4500000000000000
0.0250000000000000
10.0000000000000000
