EXECUTING PROGRAM :
-2.0000000000000000
-0.5000000000000000
-2.0000000000000000
10.0000000000000000
