EXECUTING PROGRAM :
125.0000000000000000
11.0000000000000000
