Forbidden symbol #
Forbidden symbol #
125
11

